cargo :     Checking credence_bond v0.1.0 (C:\Users\fuhad\Credence-Contracts\contracts\credence_bond)
At line:1 char:1
+ cargo check -p credence_bond > build_output.txt 2>&1
+ ~~~~~~~~~~~~~~~~~~~~~~~~~~~~~~~~~~~~~~~~~~~~~~~~~~~~
    + CategoryInfo          : NotSpecified: (    Checking cr...\credence_bond):String) [], RemoteException
    + FullyQualifiedErrorId : NativeCommandError
 
warning: function `latest_transition_id` is never used
   --> contracts\credence_bond\src\emergency.rs:157:8
    |
157 | pub fn latest_transition_id(e: &Env) -> u64 {
    |        ^^^^^^^^^^^^^^^^^^^^
    |
    = note: `#[warn(dead_code)]` (part of `#[warn(unused)]`) on by default

warning: function `get_transition` is never used
   --> contracts\credence_bond\src\emergency.rs:165:8
    |
165 | pub fn get_transition(e: &Env, id: u64) -> EmergencyModeTransition {
    |        ^^^^^^^^^^^^^^

warning: constant `MAX_FEE_BPS` is never used
  --> contracts\credence_bond\src\fees.rs:12:7
   |
12 | const MAX_FEE_BPS: u32 = math::BPS_DENOMINATOR as u32;
   |       ^^^^^^^^^^^

warning: function `get_slash_count` is never used
  --> contracts\credence_bond\src\slash_history.rs:48:8
   |
48 | pub fn get_slash_count(e: &Env, identity: &Address) -> u32 {
   |        ^^^^^^^^^^^^^^^

warning: function `get_slash_history` is never used
  --> contracts\credence_bond\src\slash_history.rs:54:8
   |
54 | pub fn get_slash_history(e: &Env, identity: &Address) -> Vec<SlashRecord> {
   |        ^^^^^^^^^^^^^^^^^

warning: function `get_slash_record` is never used
  --> contracts\credence_bond\src\slash_history.rs:69:8
   |
69 | pub fn get_slash_record(e: &Env, identity: &Address, index: u32) -> SlashRecord {
   |        ^^^^^^^^^^^^^^^^

warning: function `get_total_slashed_from_history` is never used
  --> contracts\credence_bond\src\slash_history.rs:78:8
   |
78 | pub fn get_total_slashed_from_history(e: &Env, identity: &Address) -> i128 {
   |        ^^^^^^^^^^^^^^^^^^^^^^^^^^^^^^

warning: function `token_client` is never used
   --> contracts\credence_bond\src\token_integration.rs:145:8
    |
145 | pub fn token_client(e: &Env) -> TokenClient<'_> {
    |        ^^^^^^^^^^^^

warning: `credence_bond` (lib) generated 8 warnings
    Finished `dev` profile [unoptimized + debuginfo] target(s) in 8.84s
